// Jest Snapshot v1, https://goo.gl/fbAQLP

exports[`getData Correct Value 1`] = `
Array [
  1,
  2,
  3,
]
`;

exports[`getData Корректное значение 1`] = `
Array [
  "1",
  "2",
  "3",
]
`;
